Screen.hpp:104:18:virtual void touchgfx::Screen::afterTransition()	0	static
Screen.hpp:144:18:virtual void touchgfx::Screen::handleTickEvent()	0	static
Screen.hpp:154:18:virtual void touchgfx::Screen::handleKeyEvent(uint8_t)	0	static
main_viewView.hpp:11:13:main_viewView::~main_viewView()	0	static
main_viewView.cpp:13:6:virtual void main_viewView::tearDownScreen()	0	static
main_viewView.cpp:8:6:virtual void main_viewView::setupScreen()	0	static
main_viewView.hpp:11:13:virtual main_viewView::~main_viewView()	8	static
main_viewView.cpp:3:1:main_viewView::main_viewView()	8	static
